// Jest Snapshot v1, https://goo.gl/fbAQLP

exports[`<Amount /> should render the same snapshot 1`] = `
.c0 {
  width: 10em;
  font-size: 1em;
  padding: 0.5em;
  text-align: center;
}

<form>
  <input
    className="c0"
    name="amount"
    onBlur={[Function]}
    onChange={[Function]}
    onFocus={[Function]}
    onKeyDown={[Function]}
    onMouseUp={[Function]}
    type="text"
    value=""
  />
</form>
`;
